Cursor: (0, 3) Alt: False
--- Screen Content ---
000| This is a very long line that should wrap eventually. Here is some Unicode: 中文
001| 中文中文中文 and some Emojis: 😀😁😂😃😄 to see how it wraps at the edge of the
002| terminal buffer.
003| 
004| 
005| 
006| 
007| 
008| 
009| 
010| 
011| 
012| 
013| 
014| 
015| 
016| 
017| 
018| 
019| 
020| 
021| 
022| 
023| 
